Z&H SC phi=0.125 ladder: N=[128] arms=abc cf=[0, 1] tol=1e-08 LFAR=3 band=4.0 sampled=True (2,2)

=== cf_scheme = 0 (standard two-point) ===
 arm     N            K      err%     d(a)%    leaves  cells%   steps  pres       s
[peclet.core.amr] sampled ghost overlay: 16776 rows | slots identity 251640, LS2 0, LS1 0, degraded 0, solid 0 | sign-forced faces 0, closed mixed faces 0
    [a N=128 cf=0] step 1000 K=4.5749019 (79.6 ms/step)
    [a N=128 cf=0] step 2000 K=4.5702070 (112.5 ms/step)
   a   128    4.5702027   +6.4819   +0.0000    268752   12.82    2310    12     334
[peclet.core.amr] sampled ghost overlay: 7284 rows | slots identity 108292, LS2 444, LS1 0, degraded 0, solid 524 | sign-forced faces 88, closed mixed faces 0
    [b N=128 cf=0] step 1000 K=4.5525006 (339.4 ms/step)
    [b N=128 cf=0] step 2000 K=4.5476992 (338.1 ms/step)
   b   128    4.5476946   +5.9575   -0.4925    118812    5.67    2320    12     786
[peclet.core.amr] sampled ghost overlay: 9288 rows | slots identity 131640, LS2 5664, LS1 0, degraded 0, solid 2016 | sign-forced faces 288, closed mixed faces 0
    [c N=128 cf=0] step 1000 K=4.5638514 (323.2 ms/step)
    [c N=128 cf=0] step 2000 K=4.5589838 (232.4 ms/step)
   c   128    4.5589791   +6.2204   -0.2456    134688    6.42    2320    11     488
     levels a:[228480, 29616, 8536, 2120]  b:[57120, 51036, 8536, 2120]  c:[89472, 32784, 10312, 2120]

=== cf_scheme = 1 (Martin-Cartwright quadratic) ===
 arm     N            K      err%     d(a)%    leaves  cells%   steps  pres       s
[peclet.core.amr] sampled ghost overlay: 16776 rows | slots identity 251640, LS2 0, LS1 0, degraded 0, solid 0 | sign-forced faces 0, closed mixed faces 0
    [a N=128 cf=1] step 1000 K=4.2682973 (87.3 ms/step)
    [a N=128 cf=1] step 2000 K=4.2610022 (87.4 ms/step)
   a   128    4.2609900   -0.7225   +0.0000    268752   12.82    2480    12     215
[peclet.core.amr] sampled ghost overlay: 7284 rows | slots identity 108292, LS2 444, LS1 0, degraded 0, solid 524 | sign-forced faces 88, closed mixed faces 0
    [b N=128 cf=1] step 1000 K=4.2787124 (79.6 ms/step)
    [b N=128 cf=1] step 2000 K=4.2714567 (78.3 ms/step)
   b   128    4.2714447   -0.4789   +0.2454    118812    5.67    2480    13     194
[peclet.core.amr] sampled ghost overlay: 9288 rows | slots identity 131640, LS2 5664, LS1 0, degraded 0, solid 2016 | sign-forced faces 288, closed mixed faces 0
    [c N=128 cf=1] step 1000 K=4.2590741 (74.5 ms/step)
    [c N=128 cf=1] step 2000 K=4.2516945 (76.5 ms/step)
   c   128    4.2516820   -0.9394   -0.2184    134688    6.42    2490    12     192
     levels a:[228480, 29616, 8536, 2120]  b:[57120, 51036, 8536, 2120]  c:[89472, 32784, 10312, 2120]

--- orders (log2 ratio of successive N) ---
cf=0 arm a: |K-K_ZH| = 0.27820
cf=0 arm b: |K-K_ZH| = 0.25569
cf=0 arm c: |K-K_ZH| = 0.26698
cf=0 SEAM OFFSET |K(b) - K(a)| = 2.251e-02
cf=0 SEAM OFFSET |K(c) - K(a)| = 1.122e-02
cf=1 arm a: |K-K_ZH| = 0.03101
cf=1 arm b: |K-K_ZH| = 0.02056
cf=1 arm c: |K-K_ZH| = 0.04032
cf=1 SEAM OFFSET |K(b) - K(a)| = 1.045e-02
cf=1 SEAM OFFSET |K(c) - K(a)| = 9.308e-03
