Z&H SC phi=0.125 ladder: N=[256] arms=abc cf=[0] tol=1e-08 LFAR=3 band=4.0 sampled=True (2,2)

=== cf_scheme = 0 (standard two-point) ===
 arm     N            K      err%     d(a)%    leaves  cells%   steps  pres       s
[peclet.core.amr] sampled ghost overlay: 66432 rows | slots identity 996480, LS2 0, LS1 0, degraded 0, solid 0 | sign-forced faces 0, closed mixed faces 0
    [a N=256 cf=0] step 1000 K=5.4917207 (193.0 ms/step)
    [a N=256 cf=0] step 2000 K=4.6388850 (282.8 ms/step)
    [a N=256 cf=0] step 3000 K=4.5060926 (276.0 ms/step)
    [a N=256 cf=0] step 4000 K=4.4817435 (328.0 ms/step)
    [a N=256 cf=0] step 5000 K=4.4771520 (326.1 ms/step)
    [a N=256 cf=0] step 6000 K=4.4762816 (303.9 ms/step)
    [a N=256 cf=0] step 7000 K=4.4761165 (288.0 ms/step)
    [a N=256 cf=0] step 8000 K=4.4760851 (276.1 ms/step)
   a   256    4.4760804   +4.2889   +0.0000   1076272    6.42    8620    14    2329
[peclet.core.amr] sampled ghost overlay: 28776 rows | slots identity 429696, LS2 872, LS1 0, degraded 0, solid 1072 | sign-forced faces 212, closed mixed faces 0
    [b N=256 cf=0] step 1000 K=5.4765085 (121.9 ms/step)
    [b N=256 cf=0] step 2000 K=4.6225474 (122.0 ms/step)
    [b N=256 cf=0] step 3000 K=4.4890983 (122.1 ms/step)
    [b N=256 cf=0] step 4000 K=4.4645235 (122.1 ms/step)
    [b N=256 cf=0] step 5000 K=4.4598683 (122.1 ms/step)
    [b N=256 cf=0] step 6000 K=4.4589818 (122.1 ms/step)
    [b N=256 cf=0] step 7000 K=4.4588128 (122.1 ms/step)
    [b N=256 cf=0] step 8000 K=4.4587806 (122.1 ms/step)
   b   256    4.4587756   +3.8857   -0.3866    480488    2.86    8650    14    1056
[peclet.core.amr] sampled ghost overlay: 36608 rows | slots identity 534360, LS2 9072, LS1 0, degraded 0, solid 5688 | sign-forced faces 1296, closed mixed faces 240
    [c N=256 cf=0] step 1000 K=5.4736771 (124.6 ms/step)
    [c N=256 cf=0] step 2000 K=4.6190240 (124.2 ms/step)
    [c N=256 cf=0] step 3000 K=4.4853132 (124.1 ms/step)
    [c N=256 cf=0] step 4000 K=4.4606564 (124.1 ms/step)
    [c N=256 cf=0] step 5000 K=4.4559790 (124.0 ms/step)
    [c N=256 cf=0] step 6000 K=4.4550869 (124.0 ms/step)
    [c N=256 cf=0] step 7000 K=4.4549166 (124.0 ms/step)
    [c N=256 cf=0] step 8000 K=4.4548841 (124.0 ms/step)
   c   256    4.4548791   +3.7949   -0.4737    553736    3.30    8650    12    1073
     levels a:[905920, 115240, 29616, 25496]  b:[225024, 200352, 29616, 25496]  c:[353856, 139128, 35256, 25496]

--- orders (log2 ratio of successive N) ---
cf=0 arm a: |K-K_ZH| = 0.18408
cf=0 arm b: |K-K_ZH| = 0.16678
cf=0 arm c: |K-K_ZH| = 0.16288
cf=0 SEAM OFFSET |K(b) - K(a)| = 1.730e-02
cf=0 SEAM OFFSET |K(c) - K(a)| = 2.120e-02
