[peclet.core.amr] sampled ghost overlay: 3986 rows | slots identity 59790, LS2 0, LS1 0, degraded 0, solid 0 | sign-forced faces 0, closed mixed faces 0
[peclet.core.amr] sampled ghost overlay: 1735 rows | slots identity 25538, LS2 225, LS1 0, degraded 0, solid 262 | sign-forced faces 56, closed mixed faces 0
[peclet.core.amr] sampled ghost overlay: 1735 rows | slots identity 25538, LS2 225, LS1 0, degraded 0, solid 262 | sign-forced faces 56, closed mixed faces 0
[peclet.core.amr] sampled ghost overlay: 1735 rows | slots identity 25538, LS2 225, LS1 0, degraded 0, solid 262 | sign-forced faces 56, closed mixed faces 0
[peclet.core.amr] sampled ghost overlay: 3986 rows | slots identity 59790, LS2 0, LS1 0, degraded 0, solid 0 | sign-forced faces 0, closed mixed faces 0
[peclet.core.amr] sampled ghost overlay: 1735 rows | slots identity 25538, LS2 225, LS1 0, degraded 0, solid 262 | sign-forced faces 56, closed mixed faces 0
[peclet.core.amr] sampled ghost overlay: 1735 rows | slots identity 25538, LS2 225, LS1 0, degraded 0, solid 262 | sign-forced faces 56, closed mixed faces 0
[peclet.core.amr] sampled ghost overlay: 1735 rows | slots identity 25538, LS2 225, LS1 0, degraded 0, solid 262 | sign-forced faces 56, closed mixed faces 0
M3 seam stability probe (plan §8): latitude two-level sphere, depth 6 (N=64), sampled ghost projection (host oracle)

meshes: uniform band 41287 leaves, two-level 17914 leaves

[P] uniform-band parity: K classic 4.2191895194e-02 sampled 4.2191895194e-02 rel 0.00e+00

[S] seamed marches:
        dt  steps              K    statRes       umax  bounded
     6e+01    250 4.12683415e-02   5.08e-06   8.64e-02      yes
     6e+02    250 4.12683415e-02   5.08e-06   8.64e-02      yes
     1e+20    150 4.12809433e-02   2.23e-05   8.64e-02      yes
[D] K dt-spread (60..1e20): 3.05e-04 relative
[ref] uniform-band K 4.11394037e-02; seamed K(600) offset +0.313% at 43% of the cells

[C] dt-cycling 60->1e20->60: K 4.1268341463e-02 -> 4.1319285606e-02 (rel 1.23e-03)

==== gates ====
  PASS  [P] uniform-band parity < 1e-9
  PASS  [S] all seamed marches bounded
  FAIL  [S] dt=1e20 stationarity < 1e-8 (no dt-hidden instability)
  FAIL  [D] K dt-spread < 1e-5 relative
  FAIL  [C] dt-cycling reversible < 1e-8
2/5 gates

real	81m54.424s
user	81m51.939s
sys	0m0.932s

[exited with code 0]
